Starting tests...
libEGL warning: DRI3 error: Could not get DRI3 device
libEGL warning: Ensure your X server supports DRI3 to get accelerated rendering
Warning: Gtk.init() returned false. Skipping GTK tests.

--- Skipping Prefs Tests (No GTK) ---

--- Running GmailScanner Tests ---
  PASS: API URL is correct for default label
  PASS: API URL updates when label changes
  PASS: Should have one folder
  PASS: Folder name should be inbox
  PASS: Should have one message
  PASS: Subject is correct
  PASS: From is correct
  PASS: Date is correct
  PASS: Link is correct
  PASS: ID is correct

--- Running OutlookScanner Tests ---
  PASS: API URL is correct
  PASS: Should have one folder
  PASS: Folder name should be inbox
  PASS: Should have one message
  PASS: Subject is correct
  PASS: From is correct
  PASS: Date is correct
  PASS: Link is correct
  PASS: ID is correct

--- Running InboxScanner Tests ---
  PASS: Mailbox is correct
  PASS: Provider is correct
  PASS: Correct scanner type created

--- Running Conf Tests ---
  FAIL: Conf Tests: TypeError: extension is undefined
Conf@file:///home/vboxuser/git/gnome-email-notifications/tests/temp_conf.js:37:13
runTests@file:///home/vboxuser/git/gnome-email-notifications/tests/temp_test_conf.js:3:18
runTestSuite@file:///home/vboxuser/git/gnome-email-notifications/tests/run_tests.js:114:26
async*run@file:///home/vboxuser/git/gnome-email-notifications/tests/run_tests.js:155:19
async*@file:///home/vboxuser/git/gnome-email-notifications/tests/run_tests.js:188:1


--- Running NotificationFactory Tests ---
  PASS: Should unescape HTML entities
  PASS: Should unescape ampersand
  PASS: Mailbox should be set

--- Running EmailAccount Tests ---
  PASS: Mailbox should be initialized

--- Running Notifier Tests ---
Gjs-Console-Message: 16:55:55.568: --- Running Notifier Tests ---
Gjs-Console-Message: 16:55:55.569:   Testing duplicate notification prevention...
Gjs-Console-Message: 16:55:55.569:   PASS: Duplicate notifications prevented.
Gjs-Console-Message: 16:55:55.570:   Testing error notification preparation...
Gjs-Console-Message: 16:55:55.570:   PASS: Error content prepared correctly.
Gjs-Console-Message: 16:55:55.570:   Testing removeErrors...
Gjs-Console-Message: 16:55:55.570:   PASS: removeErrors called.
Gjs-Console-Message: 16:55:55.570:   Testing _openBrowser success...
Gjs-Console-Message: 16:55:55.570: [Gnome Email Notifications] Failed to launch default for URI: (intermediate value).AppInfo is undefined
Gjs-Console-Message: 16:55:55.570: [Gnome Email Notifications] Fallback 1 failed: (intermediate value).AppInfo is undefined
Gjs-Console-Message: 16:55:55.570:   PASS: _openBrowser executed.
Gjs-Console-Message: 16:55:55.571:   Testing destroySources...
Gjs-Console-Message: 16:55:55.571:   PASS: destroySources called.

Tests complete.
FAILED with 1 error(s).
